// Jest Snapshot v1, https://goo.gl/fbAQLP

exports[`useDenormalized() List paginated results should referentially change when the result extends 1`] = `
Object {
  "results": Array [
    PaginatedArticleResource {
      "author": null,
      "content": "",
      "id": 5,
      "tags": Array [],
      "title": "",
    },
    PaginatedArticleResource {
      "author": null,
      "content": "",
      "id": 6,
      "tags": Array [],
      "title": "",
    },
    PaginatedArticleResource {
      "author": null,
      "content": "",
      "id": 34,
      "tags": Array [],
      "title": "five",
    },
    PaginatedArticleResource {
      "author": null,
      "content": "",
      "id": 5,
      "tags": Array [],
      "title": "",
    },
  ],
}
`;
