// Jest Snapshot v1, https://goo.gl/fbAQLP

exports[`Resource nested schema merging should match snapshot 1`] = `
Object {
  "entities": Object {
    "http://test.com/article-cooler/": Object {
      "3": CoolerArticleResource {
        "author": "23",
        "content": "whatever",
        "id": 3,
        "tags": Array [],
        "title": "the next time",
      },
      "5": CoolerArticleResource {
        "author": "23",
        "content": "whatever",
        "id": 5,
        "tags": Array [
          "a",
          "best",
          "react",
        ],
        "title": "hi ho",
      },
    },
    "http://test.com/user/": Object {
      "23": UserResource {
        "email": "bob@bob.com",
        "id": 23,
        "isAdmin": false,
        "username": "charles",
      },
    },
  },
  "indexes": Object {},
  "result": Array [
    "5",
    "3",
  ],
}
`;

exports[`Resource nested schema should throw a custom error if data does not include pk 1`] = `
"Missing usable resource key when normalizing response.

  This is likely due to a malformed response.
  Try inspecting the network response or fetch() return value.

  Entity: CoolerArticleResource
  Value: {
  \\"content\\": \\"hi\\"
}
  "
`;
