// Jest Snapshot v1, https://goo.gl/fbAQLP

exports[`makeCacheProvider with subscriptions should console.error() with no frequency specified 1`] = `
Array [
  [Error: frequency needed for polling subscription],
]
`;

exports[`makeExternal with subscriptions should console.error() with no frequency specified 1`] = `
Array [
  [Error: frequency needed for polling subscription],
]
`;
