// Jest Snapshot v1, https://goo.gl/fbAQLP

exports[`useFetchDispatcher should dispatch an action that fetches a create 1`] = `
Object {
  "meta": Object {
    "args": Array [
      Object {},
      Object {
        "content": "hi",
      },
    ],
    "createdAt": 1970-01-01T00:00:00.000Z,
    "key": "POST http://test.com/article-cooler/",
    "options": Object {
      "fetchInit": Object {},
      "getFetchInit": [Function],
      "method": "POST",
      "signal": undefined,
      "url": [Function],
      "useFetchInit": [Function],
    },
    "promise": Promise {},
    "reject": [Function],
    "resolve": [Function],
    "schema": [Function],
    "throttle": false,
    "type": "mutate",
  },
  "payload": [Function],
  "type": "rest-hooks/fetch",
}
`;
