// Jest Snapshot v1, https://goo.gl/fbAQLP

exports[`PollingSubscription should call after period 1`] = `
Array [
  Object {
    "meta": Object {
      "options": Object {
        "dataExpiryLength": 2500,
        "errorExpiryLength": 500,
      },
      "reject": [Function],
      "resolve": [Function],
      "responseType": "rest-hooks/receive",
      "schema": [Function],
      "throttle": true,
      "url": "test.com",
    },
    "payload": [MockFunction],
    "type": "rest-hooks/fetch",
  },
]
`;

exports[`PollingSubscription should call after period 2`] = `
Array [
  Object {
    "meta": Object {
      "options": Object {
        "dataExpiryLength": 2500,
        "errorExpiryLength": 500,
      },
      "reject": [Function],
      "resolve": [Function],
      "responseType": "rest-hooks/receive",
      "schema": [Function],
      "throttle": true,
      "url": "test.com",
    },
    "payload": [MockFunction],
    "type": "rest-hooks/fetch",
  },
]
`;
