// Jest Snapshot v1, https://goo.gl/fbAQLP

exports[`useCache should select paginated results 1`] = `
Array [
  PaginatedArticleResource {
    "author": null,
    "content": "the best things in life com efree",
    "id": 23,
    "tags": Array [
      "one",
      "two",
    ],
    "title": "the first draft",
  },
  PaginatedArticleResource {
    "author": null,
    "content": "the best things in life com efree",
    "id": 44,
    "tags": Array [
      "hbh",
      "wew",
    ],
    "title": "the second book",
  },
  PaginatedArticleResource {
    "author": null,
    "content": "the best things in life com efree",
    "id": 2,
    "tags": Array [
      "free",
      "honey",
    ],
    "title": "the third novel",
  },
  PaginatedArticleResource {
    "author": null,
    "content": "the best things in life com efree",
    "id": 643,
    "tags": Array [],
    "title": "a long time ago",
  },
]
`;

exports[`useFetcher should dispatch an action that fetches a create 1`] = `
Object {
  "meta": Object {
    "options": undefined,
    "reject": [Function],
    "resolve": [Function],
    "responseType": "rest-hooks/rpc",
    "schema": EntitySchema {
      "_getId": [Function],
      "_idAttribute": [Function],
      "_key": "http://test.com/article-cooler/",
      "_mergeStrategy": [Function],
      "_processStrategy": [Function],
      "denormalize": [Function],
      "schema": Object {},
    },
    "throttle": false,
    "url": "POST http://test.com/article-cooler/",
  },
  "payload": [Function],
  "type": "rest-hooks/fetch",
}
`;

exports[`useFetcher should dispatch an action that fetches a full update 1`] = `
Object {
  "meta": Object {
    "options": undefined,
    "reject": [Function],
    "resolve": [Function],
    "responseType": "rest-hooks/rpc",
    "schema": EntitySchema {
      "_getId": [Function],
      "_idAttribute": [Function],
      "_key": "http://test.com/article-cooler/",
      "_mergeStrategy": [Function],
      "_processStrategy": [Function],
      "denormalize": [Function],
      "schema": Object {},
    },
    "throttle": false,
    "url": "PUT http://test.com/article-cooler/1",
  },
  "payload": [Function],
  "type": "rest-hooks/fetch",
}
`;

exports[`useFetcher should dispatch an action that fetches a partial update 1`] = `
Object {
  "meta": Object {
    "options": undefined,
    "reject": [Function],
    "resolve": [Function],
    "responseType": "rest-hooks/rpc",
    "schema": EntitySchema {
      "_getId": [Function],
      "_idAttribute": [Function],
      "_key": "http://test.com/article-cooler/",
      "_mergeStrategy": [Function],
      "_processStrategy": [Function],
      "denormalize": [Function],
      "schema": Object {},
    },
    "throttle": false,
    "url": "PATCH http://test.com/article-cooler/1",
  },
  "payload": [Function],
  "type": "rest-hooks/fetch",
}
`;

exports[`useResource() should dispatch an action that fetches 1`] = `
Object {
  "meta": Object {
    "options": undefined,
    "reject": [Function],
    "resolve": [Function],
    "responseType": "rest-hooks/receive",
    "schema": EntitySchema {
      "_getId": [Function],
      "_idAttribute": [Function],
      "_key": "http://test.com/article-cooler/",
      "_mergeStrategy": [Function],
      "_processStrategy": [Function],
      "denormalize": [Function],
      "schema": Object {},
    },
    "throttle": true,
    "url": "GET http://test.com/article-cooler/5",
  },
  "payload": [Function],
  "type": "rest-hooks/fetch",
}
`;

exports[`useResource() should dispatch fetch when sent multiple arguments 1`] = `
Object {
  "meta": Object {
    "options": undefined,
    "reject": [Function],
    "resolve": [Function],
    "responseType": "rest-hooks/receive",
    "schema": EntitySchema {
      "_getId": [Function],
      "_idAttribute": [Function],
      "_key": "http://test.com/article-cooler/",
      "_mergeStrategy": [Function],
      "_processStrategy": [Function],
      "denormalize": [Function],
      "schema": Object {},
    },
    "throttle": true,
    "url": "GET http://test.com/article-cooler/5",
  },
  "payload": [Function],
  "type": "rest-hooks/fetch",
}
`;

exports[`useResource() should dispatch fetch when sent multiple arguments 2`] = `
Object {
  "meta": Object {
    "options": undefined,
    "reject": [Function],
    "resolve": [Function],
    "responseType": "rest-hooks/receive",
    "schema": Array [
      EntitySchema {
        "_getId": [Function],
        "_idAttribute": [Function],
        "_key": "http://test.com/user/",
        "_mergeStrategy": [Function],
        "_processStrategy": [Function],
        "denormalize": [Function],
        "schema": Object {},
      },
    ],
    "throttle": true,
    "url": "GET http://test.com/user/",
  },
  "payload": [Function],
  "type": "rest-hooks/fetch",
}
`;

exports[`useRetrieve should dispatch singles 1`] = `
Object {
  "meta": Object {
    "options": undefined,
    "reject": [Function],
    "resolve": [Function],
    "responseType": "rest-hooks/receive",
    "schema": EntitySchema {
      "_getId": [Function],
      "_idAttribute": [Function],
      "_key": "http://test.com/article-cooler/",
      "_mergeStrategy": [Function],
      "_processStrategy": [Function],
      "denormalize": [Function],
      "schema": Object {},
    },
    "throttle": true,
    "url": "GET http://test.com/article-cooler/5",
  },
  "payload": [Function],
  "type": "rest-hooks/fetch",
}
`;

exports[`useRetrieve should dispatch with fetch shape defined dataExpiryLength 1`] = `
Object {
  "meta": Object {
    "options": Object {
      "dataExpiryLength": 3600000,
    },
    "reject": [Function],
    "resolve": [Function],
    "responseType": "rest-hooks/receive",
    "schema": EntitySchema {
      "_getId": [Function],
      "_idAttribute": [Function],
      "_key": "http://test.com/article-static/",
      "_mergeStrategy": [Function],
      "_processStrategy": [Function],
      "denormalize": [Function],
      "schema": Object {},
    },
    "throttle": true,
    "url": "GET http://test.com/article-static/5",
  },
  "payload": [Function],
  "type": "rest-hooks/fetch",
}
`;

exports[`useRetrieve should dispatch with fetch shape defined errorExpiryLength 1`] = `
Object {
  "meta": Object {
    "options": Object {
      "dataExpiryLength": Infinity,
      "errorExpiryLength": Infinity,
    },
    "reject": [Function],
    "resolve": [Function],
    "responseType": "rest-hooks/receive",
    "schema": EntitySchema {
      "_getId": [Function],
      "_idAttribute": [Function],
      "_key": "http://test.com/article-static/",
      "_mergeStrategy": [Function],
      "_processStrategy": [Function],
      "denormalize": [Function],
      "schema": Object {},
    },
    "throttle": true,
    "url": "GET http://test.com/article-static/5",
  },
  "payload": [Function],
  "type": "rest-hooks/fetch",
}
`;

exports[`useRetrieve should dispatch with resource defined dataExpiryLength 1`] = `
Object {
  "meta": Object {
    "options": Object {
      "dataExpiryLength": Infinity,
    },
    "reject": [Function],
    "resolve": [Function],
    "responseType": "rest-hooks/receive",
    "schema": EntitySchema {
      "_getId": [Function],
      "_idAttribute": [Function],
      "_key": "http://test.com/article-static/",
      "_mergeStrategy": [Function],
      "_processStrategy": [Function],
      "denormalize": [Function],
      "schema": Object {},
    },
    "throttle": true,
    "url": "GET http://test.com/article-static/5",
  },
  "payload": [Function],
  "type": "rest-hooks/fetch",
}
`;
